// Jest Snapshot v1, https://goo.gl/fbAQLP

exports[`<ToggleButton /> Should render and match the snapshot 1`] = `
<div
  class="wrg-toggle"
>
  <div
    class="wrg-toggle-container"
  >
    <div
      class="wrg-toggle-uncheck"
    >
      <span>
        <svg
          fill="none"
          height="1em"
          stroke="currentColor"
          stroke-linecap="round"
          stroke-linejoin="round"
          stroke-width="2"
          viewBox="0 0 24 24"
          width="1em"
          xmlns="http://www.w3.org/2000/svg"
        >
          <path
            d="M17.94 17.94A10.07 10.07 0 0 1 12 20c-7 0-11-8-11-8a18.45 18.45 0 0 1 5.06-5.94M9.9 4.24A9.12 9.12 0 0 1 12 4c7 0 11 8 11 8a18.5 18.5 0 0 1-2.16 3.19m-6.72-1.07a3 3 0 1 1-4.24-4.24"
          />
          <line
            x1="1"
            x2="23"
            y1="1"
            y2="23"
          />
        </svg>
      </span>
    </div>
    <div
      class="wrg-toggle-check"
    >
      <span>
        <svg
          fill="none"
          height="1em"
          stroke="currentColor"
          stroke-linecap="round"
          stroke-linejoin="round"
          stroke-width="2"
          viewBox="0 0 24 24"
          width="1em"
          xmlns="http://www.w3.org/2000/svg"
        >
          <path
            d="M1 12s4-8 11-8 11 8 11 8-4 8-11 8-11-8-11-8z"
          />
          <circle
            cx="12"
            cy="12"
            r="3"
          />
        </svg>
      </span>
    </div>
  </div>
  <div
    class="wrg-toggle-circle circle-active"
  />
  <input
    aria-label="Toggle Button"
    class="wrg-toggle-input"
    type="checkbox"
  />
</div>
`;
