// Jest Snapshot v1, https://goo.gl/fbAQLP

exports[`<Input /> Should render and match the snapshot 1`] = `
<input
  class="input"
/>
`;
