// Jest Snapshot v1, https://goo.gl/fbAQLP

exports[`<Tooltip /> Should render and match the snapshot 1`] = `
<div
  class="Tooltip-Wrapper"
/>
`;
