// Jest Snapshot v1, https://goo.gl/fbAQLP

exports[`<Button /> Should render and match the snapshot 1`] = `
<button
  class="button undefined"
/>
`;
